CREATE EXTENSION tag_parser;
SELECT alias,token,lexemes FROM ts_debug('tag_parser', 'red,red_hair,red-hair,red hair,red_hairs');
 alias |   token   |   lexemes
-------+-----------+--------------
 tag   | red       | {red}
 break | ,         |
 tag   | red_hair  | {red_hair}
 break | ,         |
 tag   | red-hair  | {red-hair}
 break | ,         |
 tag   | red hair  | {"red hair"}
 break | ,         |
 tag   | red_hairs | {red_hairs}
(9 rows)

